✔ [1038/1075] Built Jsp746.Certificate.Initial (2.0s)
✔ [1039/1075] Built Jsp746.Certificate.Steps00 (595ms)
✔ [1040/1075] Built Jsp746.Graph (2.6s)
✔ [1041/1075] Built Jsp746.Certificate.Steps01 (612ms)
✔ [1042/1075] Built Jsp746.Certificate.Steps02 (644ms)
✔ [1043/1075] Built Jsp746.Certificate.Steps03 (670ms)
✔ [1044/1075] Built Jsp746.Certificate.Steps04 (791ms)
✔ [1045/1075] Built Jsp746.Witness (3.2s)
✔ [1046/1075] Built Jsp746.Certificate.Steps05 (803ms)
✔ [1047/1075] Built Jsp746.Certificate.Steps06 (825ms)
✔ [1048/1075] Built Jsp746.Certificate.Steps07 (812ms)
✔ [1049/1075] Built Jsp746.Certificate.Steps08 (754ms)
✔ [1050/1075] Built Jsp746.Certificate.Steps09 (761ms)
✔ [1051/1075] Built Jsp746.Certificate.Steps10 (880ms)
✔ [1052/1075] Built Jsp746.Certificate.Steps11 (880ms)
✔ [1053/1075] Built Jsp746.Certificate.Steps12 (820ms)
✔ [1054/1075] Built Jsp746.Certificate.Steps13 (905ms)
✔ [1055/1075] Built Jsp746.Certificate.Steps14 (880ms)
✔ [1056/1075] Built Jsp746.Certificate.Steps15 (884ms)
✔ [1057/1075] Built Jsp746.Certificate.Steps16 (923ms)
✔ [1058/1075] Built Jsp746.Certificate.Steps17 (958ms)
✔ [1059/1075] Built Jsp746.Certificate.Steps18 (986ms)
✔ [1060/1075] Built Jsp746.Certificate.Steps19 (927ms)
✔ [1061/1075] Built Jsp746.Certificate.Steps20 (963ms)
✔ [1062/1075] Built Jsp746.Certificate.Steps21 (1.0s)
✔ [1063/1075] Built Jsp746.Certificate.Steps22 (1.0s)
✔ [1064/1075] Built Jsp746.Certificate.Steps23 (1.0s)
✔ [1065/1075] Built Jsp746.Certificate.Steps24 (1.1s)
✔ [1066/1075] Built Jsp746.Certificate.Steps25 (912ms)
✔ [1067/1075] Built Jsp746.Certificate.Steps26 (1.0s)
✔ [1068/1075] Built Jsp746.Certificate.Steps27 (993ms)
✔ [1069/1075] Built Jsp746.Certificate.Steps28 (1.0s)
✔ [1070/1075] Built Jsp746.Certificate.Steps29 (875ms)
✔ [1071/1075] Built Jsp746.Certificate.Steps30 (661ms)
✔ [1072/1075] Built Jsp746.Refutation (475ms)
✔ [1073/1075] Built Jsp746.Main (1.3s)
✔ [1074/1075] Built Jsp746 (1.3s)
Build completed successfully (1075 jobs).
